../Drivers/u8glib/u8g_font.c:88:16:u8g_font_get_byte	16	static
../Drivers/u8glib/u8g_font.c:95:17:u8g_font_get_word	24	static
../Drivers/u8glib/u8g_font.c:110:16:u8g_font_GetFormat	16	static
../Drivers/u8glib/u8g_font.c:116:16:u8g_font_GetFontGlyphStructureSize	16	static
../Drivers/u8glib/u8g_font.c:127:16:u8g_font_GetBBXWidth	16	static
../Drivers/u8glib/u8g_font.c:132:16:u8g_font_GetBBXHeight	16	static
../Drivers/u8glib/u8g_font.c:137:15:u8g_font_GetBBXOffX	16	static
../Drivers/u8glib/u8g_font.c:142:15:u8g_font_GetBBXOffY	16	static
../Drivers/u8glib/u8g_font.c:147:9:u8g_font_GetCapitalAHeight	16	static
../Drivers/u8glib/u8g_font.c:153:10:u8g_font_GetEncoding65Pos	16	static
../Drivers/u8glib/u8g_font.c:159:10:u8g_font_GetEncoding97Pos	16	static
../Drivers/u8glib/u8g_font.c:164:9:u8g_font_GetFontStartEncoding	16	static
../Drivers/u8glib/u8g_font.c:169:9:u8g_font_GetFontEndEncoding	16	static
../Drivers/u8glib/u8g_font.c:174:8:u8g_font_GetLowerGDescent	16	static
../Drivers/u8glib/u8g_font.c:179:8:u8g_font_GetFontAscent	16	static
../Drivers/u8glib/u8g_font.c:184:8:u8g_font_GetFontDescent	16	static
../Drivers/u8glib/u8g_font.c:189:8:u8g_font_GetFontXAscent	16	static
../Drivers/u8glib/u8g_font.c:194:8:u8g_font_GetFontXDescent	16	static
../Drivers/u8glib/u8g_font.c:201:17:u8g_font_GetGlyphDataStart	16	static
../Drivers/u8glib/u8g_font.c:207:8:u8g_font_GetSize	32	static
../Drivers/u8glib/u8g_font.c:247:9:u8g_GetFontBBXWidth	16	static
../Drivers/u8glib/u8g_font.c:252:9:u8g_GetFontBBXHeight	16	static
../Drivers/u8glib/u8g_font.c:258:8:u8g_GetFontBBXOffX	16	static
../Drivers/u8glib/u8g_font.c:264:8:u8g_GetFontBBXOffY	16	static
../Drivers/u8glib/u8g_font.c:270:9:u8g_GetFontCapitalAHeight	16	static
../Drivers/u8glib/u8g_font.c:278:13:u8g_CopyGlyphDataToCache	24	static
../Drivers/u8glib/u8g_font.c:337:13:u8g_FillEmptyGlyphCache	16	static
../Drivers/u8glib/u8g_font.c:350:13:u8g_GetGlyph	32	static
../Drivers/u8glib/u8g_font.c:420:9:u8g_IsGlyph	16	static
../Drivers/u8glib/u8g_font.c:427:8:u8g_GetGlyphDeltaX	16	static
../Drivers/u8glib/u8g_font.c:564:8:u8g_draw_glyph	40	static
../Drivers/u8glib/u8g_font.c:610:8:u8g_DrawGlyph	16	static
../Drivers/u8glib/u8g_font.c:616:8:u8g_draw_glyph90	40	static
../Drivers/u8glib/u8g_font.c:661:8:u8g_DrawGlyph90	16	static
../Drivers/u8glib/u8g_font.c:668:8:u8g_draw_glyph180	40	static
../Drivers/u8glib/u8g_font.c:713:8:u8g_DrawGlyph180	16	static
../Drivers/u8glib/u8g_font.c:720:8:u8g_draw_glyph270	40	static
../Drivers/u8glib/u8g_font.c:767:8:u8g_DrawGlyph270	16	static
../Drivers/u8glib/u8g_font.c:793:12:u8g_DrawStr	32	static
../Drivers/u8glib/u8g_font.c:813:12:u8g_DrawStr90	32	static
../Drivers/u8glib/u8g_font.c:830:12:u8g_DrawStr180	32	static
../Drivers/u8glib/u8g_font.c:847:12:u8g_DrawStr270	32	static
../Drivers/u8glib/u8g_font.c:864:12:u8g_DrawStrDir	16	static
../Drivers/u8glib/u8g_font.c:880:12:u8g_DrawStrP	32	static
../Drivers/u8glib/u8g_font.c:901:12:u8g_DrawStr90P	32	static
../Drivers/u8glib/u8g_font.c:922:12:u8g_DrawStr180P	32	static
../Drivers/u8glib/u8g_font.c:943:12:u8g_DrawStr270P	32	static
../Drivers/u8glib/u8g_font.c:964:12:u8g_DrawStrFontBBX	24	static
../Drivers/u8glib/u8g_font.c:972:8:u8g_DrawGlyphFontBBX	16	static
../Drivers/u8glib/u8g_font.c:984:6:u8g_UpdateRefHeight	24	static
../Drivers/u8glib/u8g_font.c:1015:6:u8g_SetFontRefHeightText	16	static
../Drivers/u8glib/u8g_font.c:1021:6:u8g_SetFontRefHeightExtendedText	16	static
../Drivers/u8glib/u8g_font.c:1028:6:u8g_SetFontRefHeightAll	16	static
../Drivers/u8glib/u8g_font.c:1035:6:u8g_SetFontLineSpacingFactor	16	static
../Drivers/u8glib/u8g_font.c:1046:12:u8g_font_calc_vref_font	16	static
../Drivers/u8glib/u8g_font.c:1051:6:u8g_SetFontPosBaseline	16	static
../Drivers/u8glib/u8g_font.c:1057:12:u8g_font_calc_vref_bottom	16	static
../Drivers/u8glib/u8g_font.c:1063:6:u8g_SetFontPosBottom	16	static
../Drivers/u8glib/u8g_font.c:1068:12:u8g_font_calc_vref_top	24	static
../Drivers/u8glib/u8g_font.c:1082:6:u8g_SetFontPosTop	16	static
../Drivers/u8glib/u8g_font.c:1087:12:u8g_font_calc_vref_center	24	static
../Drivers/u8glib/u8g_font.c:1098:6:u8g_SetFontPosCenter	16	static
../Drivers/u8glib/u8g_font.c:1106:6:u8g_font_get_char	16	static
../Drivers/u8glib/u8g_font.c:1111:6:u8g_font_get_charP	16	static
../Drivers/u8glib/u8g_font.c:1119:12:u8g_font_calc_str_pixel_width	32	static
../Drivers/u8glib/u8g_font.c:1181:12:u8g_GetStrPixelWidth	16	static
../Drivers/u8glib/u8g_font.c:1186:12:u8g_GetStrPixelWidthP	16	static
../Drivers/u8glib/u8g_font.c:1191:8:u8g_GetStrX	16	static
../Drivers/u8glib/u8g_font.c:1197:8:u8g_GetStrXP	16	static
../Drivers/u8glib/u8g_font.c:1206:12:u8g_GetStrWidth	24	static
../Drivers/u8glib/u8g_font.c:1232:12:u8g_GetStrWidthP	24	static
../Drivers/u8glib/u8g_font.c:1279:13:u8g_font_calc_str_min_box	32	static
../Drivers/u8glib/u8g_font.c:1355:6:u8g_font_box_min	24	static
../Drivers/u8glib/u8g_font.c:1361:6:u8g_font_box_left_gA	24	static
../Drivers/u8glib/u8g_font.c:1367:6:u8g_font_box_all_gA	24	static
../Drivers/u8glib/u8g_font.c:1373:13:u8g_font_get_str_box_fill_args	24	static
../Drivers/u8glib/u8g_font.c:1392:6:u8g_GetStrMinBox	48	static
../Drivers/u8glib/u8g_font.c:1408:6:u8g_GetStrAMinBox	48	static
../Drivers/u8glib/u8g_font.c:1427:6:u8g_SetFont	16	static
../Drivers/u8glib/u8g_font.c:1440:8:u8g_draw_aa_glyph	40	static
../Drivers/u8glib/u8g_font.c:1486:8:u8g_DrawAAGlyph	16	static
../Drivers/u8glib/u8g_font.c:1492:12:u8g_DrawAAStr	32	static
