../Drivers/u8glib/u8g_polygon.c:66:16:pge_Next	16	static
../Drivers/u8glib/u8g_polygon.c:84:13:pge_Init	32	static
../Drivers/u8glib/u8g_polygon.c:114:16:pg_inc	16	static
../Drivers/u8glib/u8g_polygon.c:122:16:pg_dec	16	static
../Drivers/u8glib/u8g_polygon.c:130:13:pg_expand_min_y	24	static
../Drivers/u8glib/u8g_polygon.c:142:16:pg_prepare	24	static
../Drivers/u8glib/u8g_polygon.c:198:13:pg_hline	24	static
../Drivers/u8glib/u8g_polygon.c:235:13:pg_line_init	40	static
../Drivers/u8glib/u8g_polygon.c:255:13:pg_exec	24	static
../Drivers/u8glib/u8g_polygon.c:287:6:pg_ClearPolygonXY	16	static
../Drivers/u8glib/u8g_polygon.c:292:6:pg_AddPolygonXY	24	static
../Drivers/u8glib/u8g_polygon.c:302:6:pg_DrawPolygon	16	static
../Drivers/u8glib/u8g_polygon.c:311:6:u8g_ClearPolygonXY	8	static
../Drivers/u8glib/u8g_polygon.c:316:6:u8g_AddPolygonXY	16	static
../Drivers/u8glib/u8g_polygon.c:321:6:u8g_DrawPolygon	16	static
../Drivers/u8glib/u8g_polygon.c:326:6:u8g_DrawTriangle	24	static
