../Drivers/u8glib/u8g_ll_api.c:42:9:u8g_call_dev_fn	32	static
../Drivers/u8glib/u8g_ll_api.c:49:9:u8g_InitLL	24	static
../Drivers/u8glib/u8g_ll_api.c:59:6:u8g_FirstPageLL	16	static
../Drivers/u8glib/u8g_ll_api.c:68:9:u8g_NextPageLL	24	static
../Drivers/u8glib/u8g_ll_api.c:82:9:u8g_SetContrastLL	24	static
../Drivers/u8glib/u8g_ll_api.c:87:6:u8g_DrawPixelLL	32	static
../Drivers/u8glib/u8g_ll_api.c:95:6:u8g_Draw8PixelLL	32	static
../Drivers/u8glib/u8g_ll_api.c:105:6:u8g_Draw4TPixelLL	32	static
../Drivers/u8glib/u8g_ll_api.c:125:12:u8g_GetWidthLL	24	static
../Drivers/u8glib/u8g_ll_api.c:132:12:u8g_GetHeightLL	24	static
../Drivers/u8glib/u8g_ll_api.c:139:12:u8g_GetModeLL	16	static
../Drivers/u8glib/u8g_ll_api.c:148:6:u8g_UpdateDimension	16	static
../Drivers/u8glib/u8g_ll_api.c:157:13:u8g_init_data	16	static
../Drivers/u8glib/u8g_ll_api.c:188:9:u8g_Begin	16	static
../Drivers/u8glib/u8g_ll_api.c:198:9:u8g_Init	16	static
../Drivers/u8glib/u8g_ll_api.c:211:9:u8g_InitComFn	24	static
../Drivers/u8glib/u8g_ll_api.c:383:6:u8g_FirstPage	16	static
../Drivers/u8glib/u8g_ll_api.c:388:9:u8g_NextPage	16	static
../Drivers/u8glib/u8g_ll_api.c:397:9:u8g_SetContrast	16	static
../Drivers/u8glib/u8g_ll_api.c:402:6:u8g_SleepOn	16	static
../Drivers/u8glib/u8g_ll_api.c:407:6:u8g_SleepOff	16	static
../Drivers/u8glib/u8g_ll_api.c:413:6:u8g_DrawPixel	16	static
../Drivers/u8glib/u8g_ll_api.c:418:6:u8g_Draw8Pixel	24	static
../Drivers/u8glib/u8g_ll_api.c:423:6:u8g_Draw4TPixel	24	static
../Drivers/u8glib/u8g_ll_api.c:428:6:u8g_Draw8ColorPixel	24	static
../Drivers/u8glib/u8g_ll_api.c:462:6:u8g_SetColorEntry	24	static
../Drivers/u8glib/u8g_ll_api.c:472:6:u8g_SetColorIndex	16	static
../Drivers/u8glib/u8g_ll_api.c:478:6:u8g_SetHiColor	16	static
../Drivers/u8glib/u8g_ll_api.c:485:6:u8g_SetHiColorByRGB	16	static
../Drivers/u8glib/u8g_ll_api.c:499:6:u8g_SetRGB	16	static
../Drivers/u8glib/u8g_ll_api.c:522:9:u8g_GetColorIndex	16	static
../Drivers/u8glib/u8g_ll_api.c:527:9:u8g_GetDefaultForegroundColor	24	static
../Drivers/u8glib/u8g_ll_api.c:539:6:u8g_SetDefaultForegroundColor	16	static
../Drivers/u8glib/u8g_ll_api.c:552:9:u8g_GetDefaultBackgroundColor	16	static
../Drivers/u8glib/u8g_ll_api.c:557:6:u8g_SetDefaultBackgroundColor	16	static
../Drivers/u8glib/u8g_ll_api.c:562:9:u8g_GetDefaultMidColor	24	static
../Drivers/u8glib/u8g_ll_api.c:574:6:u8g_SetDefaultMidColor	16	static
