../Core/Src/main.c:98:6:u8g_Delay	16	static
../Core/Src/main.c:101:6:u8g_xMicroDelay	16	static
../Core/Src/main.c:113:6:u8g_MicroDelay	8	static
../Core/Src/main.c:116:6:u8g_10MicroDelay	8	static
../Core/Src/main.c:120:9:u8g_com_arm_stm32_sh_i2c_fn	40	static
../Core/Src/main.c:153:6:displayInitializationMessage	16	static
../Core/Src/main.c:168:5:main	104	static
../Core/Src/main.c:382:6:SystemClock_Config	96	static
../Core/Src/main.c:439:6:HAL_TIM_IC_CaptureCallback	24	static
../Core/Src/main.c:480:6:HAL_TIM_PeriodElapsedCallback	16	static
../Core/Src/main.c:491:6:Error_Handler	4	static,ignoring_inline_asm
